
> tenders@1.0.0 build
> next build

Ôû▓ Next.js 16.1.6 (Turbopack)
- Environments: .env

  Creating an optimized production build ...
Ô£ô Compiled successfully in 4.4s
  Running TypeScript ...
  Collecting page data using 15 workers ...
  Generating static pages using 15 workers (0/17) ...
  Generating static pages using 15 workers (4/17) 
  Generating static pages using 15 workers (8/17) 
  Generating static pages using 15 workers (12/17) 
Ô£ô Generating static pages using 15 workers (17/17) in 3.9s
  Finalizing page optimization ...

Route (app)                   Revalidate  Expire
Ôöî Ôùï /                                 1m      1y
Ôö£ Ôùï /_not-found
Ôö£ ãÆ /admin
Ôö£ ãÆ /api/billing/verify
Ôö£ ãÆ /api/checkout
Ôö£ ãÆ /api/webhooks/razorpay
Ôö£ ãÆ /auth/callback
Ôö£ ãÆ /dashboard
Ôö£ ãÆ /dashboard/keywords
Ôö£ ãÆ /dashboard/saved
Ôö£ ãÆ /dashboard/subscriptions
Ôö£ Ôùï /login
Ôö£ Ôùï /pricing
Ôö£ Ôùï /robots.txt
Ôö£ Ôùï /saved
Ôö£ Ôùï /signup
Ôö£ Ôùï /sitemap.xml
Ôöö ãÆ /tenders/[slug]


Ôùï  (Static)   prerendered as static content
ãÆ  (Dynamic)  server-rendered on demand

